Building summary.csv...
  ⚠️  Missing: /mnt/disk2/srtp2024/LIM/CCBBD/LIM/experiments/E01/metrics.json
  ⚠️  Missing: /mnt/disk2/srtp2024/LIM/CCBBD/LIM/experiments/E02/metrics.json
  ⚠️  Missing: /mnt/disk2/srtp2024/LIM/CCBBD/LIM/experiments/E03/metrics.json
  ⚠️  Missing: /mnt/disk2/srtp2024/LIM/CCBBD/LIM/experiments/E04/metrics.json
  ⚠️  Missing: /mnt/disk2/srtp2024/LIM/CCBBD/LIM/experiments/E05/metrics.json
  ⚠️  Missing: /mnt/disk2/srtp2024/LIM/CCBBD/LIM/experiments/E06/metrics.json
  ⚠️  Missing: /mnt/disk2/srtp2024/LIM/CCBBD/LIM/experiments/E07/metrics.json
  ⚠️  Missing: /mnt/disk2/srtp2024/LIM/CCBBD/LIM/experiments/E08/metrics.json
  ⚠️  Missing: /mnt/disk2/srtp2024/LIM/CCBBD/LIM/experiments/E09/metrics.json
  ⚠️  Missing: /mnt/disk2/srtp2024/LIM/CCBBD/LIM/experiments/E10/metrics.json
  ⚠️  Missing: /mnt/disk2/srtp2024/LIM/CCBBD/LIM/experiments/E11/metrics.json
  ⚠️  Missing: /mnt/disk2/srtp2024/LIM/CCBBD/LIM/experiments/E12/metrics.json
  ⚠️  Missing: /mnt/disk2/srtp2024/LIM/CCBBD/LIM/experiments/E13/metrics.json
  ⚠️  Missing: /mnt/disk2/srtp2024/LIM/CCBBD/LIM/experiments/E14/metrics.json
  ⚠️  Missing: /mnt/disk2/srtp2024/LIM/CCBBD/LIM/experiments/E15/metrics.json
  ⚠️  Missing: /mnt/disk2/srtp2024/LIM/CCBBD/LIM/experiments/E16/metrics.json
  ⚠️  Missing: /mnt/disk2/srtp2024/LIM/CCBBD/LIM/experiments/E17/metrics.json
  ⚠️  Missing: /mnt/disk2/srtp2024/LIM/CCBBD/LIM/experiments/E18/metrics.json
  ⚠️  Missing: /mnt/disk2/srtp2024/LIM/CCBBD/LIM/experiments/E19/metrics.json
  ⚠️  Missing: /mnt/disk2/srtp2024/LIM/CCBBD/LIM/experiments/E20/metrics.json
  ⚠️  Missing: /mnt/disk2/srtp2024/LIM/CCBBD/LIM/experiments/E21/metrics.json
  ⚠️  Missing: /mnt/disk2/srtp2024/LIM/CCBBD/LIM/experiments/E22/metrics.json
  ⚠️  Missing: /mnt/disk2/srtp2024/LIM/CCBBD/LIM/experiments/E23/metrics.json
  ⚠️  Missing: /mnt/disk2/srtp2024/LIM/CCBBD/LIM/experiments/E24/metrics.json

Summary saved to: /mnt/disk2/srtp2024/LIM/CCBBD/LIM/experiments/summary.csv (0 experiments)
Generating figures...
Traceback (most recent call last):
  File "/mnt/disk2/srtp2024/LIM/CCBBD/LIM/code/analyze_results.py", line 491, in <module>
    main()
  File "/mnt/disk2/srtp2024/LIM/CCBBD/LIM/code/analyze_results.py", line 480, in main
    fig1_backbone_comparison(df)
  File "/mnt/disk2/srtp2024/LIM/CCBBD/LIM/code/analyze_results.py", line 146, in fig1_backbone_comparison
    sub = df[(df["loss"] == "mae")].copy()
  File "/mnt/disk2/srtp2024/miniconda3/envs/LIM_boneage/lib/python3.10/site-packages/pandas/core/frame.py", line 4113, in __getitem__
    indexer = self.columns.get_loc(key)
  File "/mnt/disk2/srtp2024/miniconda3/envs/LIM_boneage/lib/python3.10/site-packages/pandas/core/indexes/range.py", line 417, in get_loc
    raise KeyError(key)
KeyError: 'loss'
