/mnt/disk2/srtp2024/.cache/torch/hub/facebookresearch_dinov2_main/dinov2/layers/swiglu_ffn.py:51: UserWarning: xFormers is not available (SwiGLU)
  warnings.warn("xFormers is not available (SwiGLU)")
/mnt/disk2/srtp2024/.cache/torch/hub/facebookresearch_dinov2_main/dinov2/layers/attention.py:34: UserWarning: xFormers is not available (Attention)
  warnings.warn("xFormers is not available (Attention)")
/mnt/disk2/srtp2024/.cache/torch/hub/facebookresearch_dinov2_main/dinov2/layers/block.py:41: UserWarning: xFormers is not available (Block)
  warnings.warn("xFormers is not available (Block)")
Loaded DINOv2 backbone from local repo: /mnt/disk2/srtp2024/.cache/torch/hub/facebookresearch_dinov2_main
Resume mode: found 0 existing cases, skip 0 cases, remaining 12611 cases.
Building RSNA vision library:   0%|          | 0/12611 [00:00<?, ?img/s]Traceback (most recent call last):
  File "/mnt/disk2/srtp2024/LIM/CCBBD/LIM/code/build_vision_library.py", line 582, in <module>
    main()
  File "/mnt/disk2/srtp2024/LIM/CCBBD/LIM/code/build_vision_library.py", line 578, in main
    build_vision_library(args)
  File "/mnt/disk2/srtp2024/LIM/CCBBD/LIM/code/build_vision_library.py", line 462, in build_vision_library
    features = backbone.forward_features(images)["x_norm_clstoken"]
  File "/mnt/disk2/srtp2024/.cache/torch/hub/facebookresearch_dinov2_main/dinov2/models/vision_transformer.py", line 264, in forward_features
    x = blk(x)
  File "/mnt/disk2/srtp2024/miniconda3/envs/LIM_boneage/lib/python3.10/site-packages/torch/nn/modules/module.py", line 1518, in _wrapped_call_impl
    return self._call_impl(*args, **kwargs)
  File "/mnt/disk2/srtp2024/miniconda3/envs/LIM_boneage/lib/python3.10/site-packages/torch/nn/modules/module.py", line 1527, in _call_impl
    return forward_call(*args, **kwargs)
  File "/mnt/disk2/srtp2024/.cache/torch/hub/facebookresearch_dinov2_main/dinov2/layers/block.py", line 311, in forward
    return super().forward(x_or_x_list)
  File "/mnt/disk2/srtp2024/.cache/torch/hub/facebookresearch_dinov2_main/dinov2/layers/block.py", line 114, in forward
    x = x + ffn_residual_func(x)
  File "/mnt/disk2/srtp2024/.cache/torch/hub/facebookresearch_dinov2_main/dinov2/layers/block.py", line 95, in ffn_residual_func
    return self.ls2(self.mlp(self.norm2(x)))
  File "/mnt/disk2/srtp2024/miniconda3/envs/LIM_boneage/lib/python3.10/site-packages/torch/nn/modules/module.py", line 1518, in _wrapped_call_impl
    return self._call_impl(*args, **kwargs)
  File "/mnt/disk2/srtp2024/miniconda3/envs/LIM_boneage/lib/python3.10/site-packages/torch/nn/modules/module.py", line 1527, in _call_impl
    return forward_call(*args, **kwargs)
  File "/mnt/disk2/srtp2024/.cache/torch/hub/facebookresearch_dinov2_main/dinov2/layers/swiglu_ffn.py", line 33, in forward
    hidden = F.silu(x1) * x2
torch.cuda.OutOfMemoryError: CUDA out of memory. Tried to allocate 1.83 GiB. GPU 0 has a total capacty of 23.56 GiB of which 182.88 MiB is free. Including non-PyTorch memory, this process has 15.05 GiB memory in use. Process 971687 has 2.41 GiB memory in use. Process 971688 has 5.81 GiB memory in use. Of the allocated memory 14.47 GiB is allocated by PyTorch, and 272.31 MiB is reserved by PyTorch but unallocated. If reserved but unallocated memory is large try setting max_split_size_mb to avoid fragmentation.  See documentation for Memory Management and PYTORCH_CUDA_ALLOC_CONF
Building RSNA vision library:   0%|          | 0/12611 [00:17<?, ?img/s]
